PS C:\Users\imaok\OneDrive\git_challenge> git add hello_world.txt
PS C:\Users\imaok\OneDrive\git_challenge> git commit -m "日本語追記"
[main 7f974c4] 日本語追記
 1 file changed, 1 insertion(+), 1 deletion(-)
PS C:\Users\imaok\OneDrive\git_challenge> 

PS C:\Users\imaok\OneDrive\git_challenge> git　log  
commit 7f974c49d2888221af2f66639f41a479881b9652 (HEAD -> main)
Author: otuotu806 <otuotu806@gmail.com>
Date:   Tue Jun 27 18:25:36 2023 +0900

branch 'main' set up to track 'origin/main'.
PS C:\Users\imaok\OneDrive\git_challenge> git log --oneline
a853534 (HEAD -> main, origin/main) kadai_004
7f974c4 日本語追記
c740b3c ここにコミットメッセージを入力
f04c346 ここにコミットメッセージを入力
PS C:\Users\imaok\OneDrive\git_challenge>    日本語追記

PS C:\Users\imaok\OneDrive\git_challenge2> cat hello_world.txt
hello world!
PS C:\Users\imaok\OneDrive\git_challenge2> git init
Initialized empty Git repository in C:/Users/imaok/OneDrive/git_challenge2/.git/
PS C:\Users\imaok\OneDrive\git_challenge2> git add hello_world.txt
PS C:\Users\imaok\OneDrive\git_challenge2> git commit -m "hello world!"
[main (root-commit) 345463a] hello world!
 1 file changed, 0 insertions(+), 0 deletions(-)
 create mode 100644 hello_world.txt
PS C:\Users\imaok\OneDrive\git_challenge2> git log --oneline
345463a (HEAD -> main) hello world!
PS C:\Users\imaok\OneDrive\git_challenge2> echo "こんにちは、世界！" >>hello_world.txt
PS C:\Users\imaok\OneDrive\git_challenge2> git add hello_world.txt
PS C:\Users\imaok\OneDrive\git_challenge2> git commit -m "日本語訳を追記" 
[main f2f4add] 日本語訳を追記
 1 file changed, 0 insertions(+), 0 deletions(-)
PS C:\Users\imaok\OneDrive\git_challenge2> git log --oneline
f2f4add (HEAD -> main) 日本語訳を追記
345463a hello world!
PS C:\Users\imaok\OneDrive\git_challenge2> 